14-Sep-2026 14:28:13.122 INFO [main] org.apache.catalina.startup.VersionLoggerListener.log Server version name:   Apache Tomcat/10.1.59
14-Sep-2026 14:28:13.130 INFO [main] org.apache.catalina.startup.VersionLoggerListener.log Server built:          Aug 13 2026 16:59:10 UTC
14-Sep-2026 14:28:13.130 INFO [main] org.apache.catalina.startup.VersionLoggerListener.log Server version number: 10.1.59.0
14-Sep-2026 14:28:13.130 INFO [main] org.apache.catalina.startup.VersionLoggerListener.log OS Name:               Linux
14-Sep-2026 14:28:13.130 INFO [main] org.apache.catalina.startup.VersionLoggerListener.log OS Version:            7.0.0-28-generic
14-Sep-2026 14:28:13.131 INFO [main] org.apache.catalina.startup.VersionLoggerListener.log Architecture:          amd64
14-Sep-2026 14:28:13.131 INFO [main] org.apache.catalina.startup.VersionLoggerListener.log Java Home:             /usr/lib/jvm/jdk-21.0.6-oracle-x64
14-Sep-2026 14:28:13.131 INFO [main] org.apache.catalina.startup.VersionLoggerListener.log JVM Version:           21.0.6+8-LTS-188
14-Sep-2026 14:28:13.131 INFO [main] org.apache.catalina.startup.VersionLoggerListener.log JVM Vendor:            Oracle Corporation
14-Sep-2026 14:28:13.131 INFO [main] org.apache.catalina.startup.VersionLoggerListener.log CATALINA_BASE:         /run/media/yskudilov/D090A4F890A4E5E6/tomcat
14-Sep-2026 14:28:13.131 INFO [main] org.apache.catalina.startup.VersionLoggerListener.log CATALINA_HOME:         /run/media/yskudilov/D090A4F890A4E5E6/tomcat
14-Sep-2026 14:28:13.149 INFO [main] org.apache.catalina.startup.VersionLoggerListener.log Command line argument: -Djava.util.logging.config.file=/run/media/yskudilov/D090A4F890A4E5E6/tomcat/conf/logging.properties
14-Sep-2026 14:28:13.149 INFO [main] org.apache.catalina.startup.VersionLoggerListener.log Command line argument: -Djava.util.logging.manager=org.apache.juli.ClassLoaderLogManager
14-Sep-2026 14:28:13.150 INFO [main] org.apache.catalina.startup.VersionLoggerListener.log Command line argument: -Djdk.tls.ephemeralDHKeySize=2048
14-Sep-2026 14:28:13.150 INFO [main] org.apache.catalina.startup.VersionLoggerListener.log Command line argument: -Djava.protocol.handler.pkgs=org.apache.catalina.webresources
14-Sep-2026 14:28:13.150 INFO [main] org.apache.catalina.startup.VersionLoggerListener.log Command line argument: -Dsun.io.useCanonCaches=false
14-Sep-2026 14:28:13.150 INFO [main] org.apache.catalina.startup.VersionLoggerListener.log Command line argument: -Dorg.apache.catalina.security.SecurityListener.UMASK=0027
14-Sep-2026 14:28:13.151 INFO [main] org.apache.catalina.startup.VersionLoggerListener.log Command line argument: --add-opens=java.base/java.lang=ALL-UNNAMED
14-Sep-2026 14:28:13.151 INFO [main] org.apache.catalina.startup.VersionLoggerListener.log Command line argument: --add-opens=java.base/java.lang.reflect=ALL-UNNAMED
14-Sep-2026 14:28:13.151 INFO [main] org.apache.catalina.startup.VersionLoggerListener.log Command line argument: --add-opens=java.base/java.io=ALL-UNNAMED
14-Sep-2026 14:28:13.151 INFO [main] org.apache.catalina.startup.VersionLoggerListener.log Command line argument: --add-opens=java.base/java.util=ALL-UNNAMED
14-Sep-2026 14:28:13.151 INFO [main] org.apache.catalina.startup.VersionLoggerListener.log Command line argument: --add-opens=java.base/java.util.concurrent=ALL-UNNAMED
14-Sep-2026 14:28:13.151 INFO [main] org.apache.catalina.startup.VersionLoggerListener.log Command line argument: --add-opens=java.rmi/sun.rmi.transport=ALL-UNNAMED
14-Sep-2026 14:28:13.151 INFO [main] org.apache.catalina.startup.VersionLoggerListener.log Command line argument: -Dcatalina.base=/run/media/yskudilov/D090A4F890A4E5E6/tomcat
14-Sep-2026 14:28:13.153 INFO [main] org.apache.catalina.startup.VersionLoggerListener.log Command line argument: -Dcatalina.home=/run/media/yskudilov/D090A4F890A4E5E6/tomcat
14-Sep-2026 14:28:13.153 INFO [main] org.apache.catalina.startup.VersionLoggerListener.log Command line argument: -Djava.io.tmpdir=/run/media/yskudilov/D090A4F890A4E5E6/tomcat/temp
14-Sep-2026 14:28:13.155 INFO [main] org.apache.catalina.core.AprLifecycleListener.lifecycleEvent The Apache Tomcat Native library which allows using OpenSSL was not found on the java.library.path: [/usr/java/packages/lib:/usr/lib64:/lib64:/lib:/usr/lib]
14-Sep-2026 14:28:13.539 INFO [main] org.apache.coyote.AbstractProtocol.init Initializing ProtocolHandler ["http-nio-8081"]
14-Sep-2026 14:28:13.573 INFO [main] org.apache.catalina.startup.Catalina.load Server initialization in [710] milliseconds
14-Sep-2026 14:28:13.642 INFO [main] org.apache.catalina.core.StandardService.startInternal Starting service [Catalina]
14-Sep-2026 14:28:13.643 INFO [main] org.apache.catalina.core.StandardEngine.startInternal Starting Servlet engine: [Apache Tomcat/10.1.59]
14-Sep-2026 14:28:13.656 INFO [main] org.apache.catalina.startup.HostConfig.deployDirectory Deploying web application directory [/run/media/yskudilov/D090A4F890A4E5E6/tomcat/webapps/docs]
14-Sep-2026 14:28:14.089 INFO [main] org.apache.catalina.startup.HostConfig.deployDirectory Deployment of web application directory [/run/media/yskudilov/D090A4F890A4E5E6/tomcat/webapps/docs] has finished in [432] ms
14-Sep-2026 14:28:14.089 INFO [main] org.apache.catalina.startup.HostConfig.deployDirectory Deploying web application directory [/run/media/yskudilov/D090A4F890A4E5E6/tomcat/webapps/examples]
14-Sep-2026 14:28:14.449 INFO [main] org.apache.catalina.startup.HostConfig.deployDirectory Deployment of web application directory [/run/media/yskudilov/D090A4F890A4E5E6/tomcat/webapps/examples] has finished in [359] ms
14-Sep-2026 14:28:14.449 INFO [main] org.apache.catalina.startup.HostConfig.deployDirectory Deploying web application directory [/run/media/yskudilov/D090A4F890A4E5E6/tomcat/webapps/host-manager]
14-Sep-2026 14:28:14.507 INFO [main] org.apache.catalina.startup.HostConfig.deployDirectory Deployment of web application directory [/run/media/yskudilov/D090A4F890A4E5E6/tomcat/webapps/host-manager] has finished in [58] ms
14-Sep-2026 14:28:14.507 INFO [main] org.apache.catalina.startup.HostConfig.deployDirectory Deploying web application directory [/run/media/yskudilov/D090A4F890A4E5E6/tomcat/webapps/manager]
14-Sep-2026 14:28:14.539 INFO [main] org.apache.catalina.startup.HostConfig.deployDirectory Deployment of web application directory [/run/media/yskudilov/D090A4F890A4E5E6/tomcat/webapps/manager] has finished in [31] ms
14-Sep-2026 14:28:14.539 INFO [main] org.apache.catalina.startup.HostConfig.deployDirectory Deploying web application directory [/run/media/yskudilov/D090A4F890A4E5E6/tomcat/webapps/midp]
14-Sep-2026 14:28:14.582 INFO [main] org.apache.catalina.startup.HostConfig.deployDirectory Deployment of web application directory [/run/media/yskudilov/D090A4F890A4E5E6/tomcat/webapps/midp] has finished in [43] ms
14-Sep-2026 14:28:14.583 INFO [main] org.apache.catalina.startup.HostConfig.deployDirectory Deploying web application directory [/run/media/yskudilov/D090A4F890A4E5E6/tomcat/webapps/ROOT]
14-Sep-2026 14:28:14.608 INFO [main] org.apache.catalina.startup.HostConfig.deployDirectory Deployment of web application directory [/run/media/yskudilov/D090A4F890A4E5E6/tomcat/webapps/ROOT] has finished in [26] ms
14-Sep-2026 14:28:14.616 INFO [main] org.apache.coyote.AbstractProtocol.start Starting ProtocolHandler ["http-nio-8081"]
14-Sep-2026 14:28:14.634 INFO [main] org.apache.catalina.startup.Catalina.start Server startup in [1058] milliseconds
14-Sep-2026 14:37:35.624 INFO [main] org.apache.catalina.startup.VersionLoggerListener.log Server version name:   Apache Tomcat/10.1.59
14-Sep-2026 14:37:35.632 INFO [main] org.apache.catalina.startup.VersionLoggerListener.log Server built:          Aug 13 2026 16:59:10 UTC
14-Sep-2026 14:37:35.632 INFO [main] org.apache.catalina.startup.VersionLoggerListener.log Server version number: 10.1.59.0
14-Sep-2026 14:37:35.633 INFO [main] org.apache.catalina.startup.VersionLoggerListener.log OS Name:               Linux
14-Sep-2026 14:37:35.633 INFO [main] org.apache.catalina.startup.VersionLoggerListener.log OS Version:            7.0.0-28-generic
14-Sep-2026 14:37:35.633 INFO [main] org.apache.catalina.startup.VersionLoggerListener.log Architecture:          amd64
14-Sep-2026 14:37:35.635 INFO [main] org.apache.catalina.startup.VersionLoggerListener.log Java Home:             /usr/lib/jvm/jdk-21.0.6-oracle-x64
14-Sep-2026 14:37:35.635 INFO [main] org.apache.catalina.startup.VersionLoggerListener.log JVM Version:           21.0.6+8-LTS-188
14-Sep-2026 14:37:35.635 INFO [main] org.apache.catalina.startup.VersionLoggerListener.log JVM Vendor:            Oracle Corporation
14-Sep-2026 14:37:35.636 INFO [main] org.apache.catalina.startup.VersionLoggerListener.log CATALINA_BASE:         /run/media/yskudilov/D090A4F890A4E5E6/tomcat
14-Sep-2026 14:37:35.636 INFO [main] org.apache.catalina.startup.VersionLoggerListener.log CATALINA_HOME:         /run/media/yskudilov/D090A4F890A4E5E6/tomcat
14-Sep-2026 14:37:35.649 INFO [main] org.apache.catalina.startup.VersionLoggerListener.log Command line argument: -Djava.util.logging.config.file=/run/media/yskudilov/D090A4F890A4E5E6/tomcat/conf/logging.properties
14-Sep-2026 14:37:35.650 INFO [main] org.apache.catalina.startup.VersionLoggerListener.log Command line argument: -Djava.util.logging.manager=org.apache.juli.ClassLoaderLogManager
14-Sep-2026 14:37:35.650 INFO [main] org.apache.catalina.startup.VersionLoggerListener.log Command line argument: -Djdk.tls.ephemeralDHKeySize=2048
14-Sep-2026 14:37:35.650 INFO [main] org.apache.catalina.startup.VersionLoggerListener.log Command line argument: -Djava.protocol.handler.pkgs=org.apache.catalina.webresources
14-Sep-2026 14:37:35.650 INFO [main] org.apache.catalina.startup.VersionLoggerListener.log Command line argument: -Dsun.io.useCanonCaches=false
14-Sep-2026 14:37:35.650 INFO [main] org.apache.catalina.startup.VersionLoggerListener.log Command line argument: -Dorg.apache.catalina.security.SecurityListener.UMASK=0027
14-Sep-2026 14:37:35.651 INFO [main] org.apache.catalina.startup.VersionLoggerListener.log Command line argument: --add-opens=java.base/java.lang=ALL-UNNAMED
14-Sep-2026 14:37:35.651 INFO [main] org.apache.catalina.startup.VersionLoggerListener.log Command line argument: --add-opens=java.base/java.lang.reflect=ALL-UNNAMED
14-Sep-2026 14:37:35.651 INFO [main] org.apache.catalina.startup.VersionLoggerListener.log Command line argument: --add-opens=java.base/java.io=ALL-UNNAMED
14-Sep-2026 14:37:35.651 INFO [main] org.apache.catalina.startup.VersionLoggerListener.log Command line argument: --add-opens=java.base/java.util=ALL-UNNAMED
14-Sep-2026 14:37:35.651 INFO [main] org.apache.catalina.startup.VersionLoggerListener.log Command line argument: --add-opens=java.base/java.util.concurrent=ALL-UNNAMED
14-Sep-2026 14:37:35.652 INFO [main] org.apache.catalina.startup.VersionLoggerListener.log Command line argument: --add-opens=java.rmi/sun.rmi.transport=ALL-UNNAMED
14-Sep-2026 14:37:35.652 INFO [main] org.apache.catalina.startup.VersionLoggerListener.log Command line argument: -Dcatalina.base=/run/media/yskudilov/D090A4F890A4E5E6/tomcat
14-Sep-2026 14:37:35.652 INFO [main] org.apache.catalina.startup.VersionLoggerListener.log Command line argument: -Dcatalina.home=/run/media/yskudilov/D090A4F890A4E5E6/tomcat
14-Sep-2026 14:37:35.653 INFO [main] org.apache.catalina.startup.VersionLoggerListener.log Command line argument: -Djava.io.tmpdir=/run/media/yskudilov/D090A4F890A4E5E6/tomcat/temp
14-Sep-2026 14:37:35.654 INFO [main] org.apache.catalina.core.AprLifecycleListener.lifecycleEvent The Apache Tomcat Native library which allows using OpenSSL was not found on the java.library.path: [/usr/java/packages/lib:/usr/lib64:/lib64:/lib:/usr/lib]
14-Sep-2026 14:37:36.030 INFO [main] org.apache.coyote.AbstractProtocol.init Initializing ProtocolHandler ["http-nio-8081"]
14-Sep-2026 14:37:36.052 SEVERE [main] org.apache.catalina.util.LifecycleBase.handleSubClassException Failed to initialize component [Connector["http-nio-8081"]]
	org.apache.catalina.LifecycleException: Protocol handler initialization failed
		at org.apache.catalina.connector.Connector.initInternal(Connector.java:1285)
		at org.apache.catalina.util.LifecycleBase.init(LifecycleBase.java:128)
		at org.apache.catalina.core.StandardService.initInternal(StandardService.java:543)
		at org.apache.catalina.util.LifecycleBase.init(LifecycleBase.java:128)
		at org.apache.catalina.core.StandardServer.initInternal(StandardServer.java:962)
		at org.apache.catalina.util.LifecycleBase.init(LifecycleBase.java:128)
		at org.apache.catalina.startup.Catalina.load(Catalina.java:834)
		at org.apache.catalina.startup.Catalina.load(Catalina.java:859)
		at java.base/jdk.internal.reflect.DirectMethodHandleAccessor.invoke(DirectMethodHandleAccessor.java:103)
		at java.base/java.lang.reflect.Method.invoke(Method.java:580)
		at org.apache.catalina.startup.Bootstrap.load(Bootstrap.java:305)
		at org.apache.catalina.startup.Bootstrap.main(Bootstrap.java:484)
	Caused by: java.net.BindException: Address already in use
		at java.base/sun.nio.ch.Net.bind0(Native Method)
		at java.base/sun.nio.ch.Net.bind(Net.java:565)
		at java.base/sun.nio.ch.ServerSocketChannelImpl.netBind(ServerSocketChannelImpl.java:344)
		at java.base/sun.nio.ch.ServerSocketChannelImpl.bind(ServerSocketChannelImpl.java:301)
		at org.apache.tomcat.util.net.NioEndpoint.initServerSocket(NioEndpoint.java:493)
		at org.apache.tomcat.util.net.NioEndpoint.bind(NioEndpoint.java:377)
		at org.apache.tomcat.util.net.AbstractEndpoint.bindWithCleanup(AbstractEndpoint.java:1921)
		at org.apache.tomcat.util.net.AbstractEndpoint.init(AbstractEndpoint.java:1939)
		at org.apache.coyote.AbstractProtocol.init(AbstractProtocol.java:958)
		at org.apache.coyote.http11.AbstractHttp11Protocol.init(AbstractHttp11Protocol.java:95)
		at org.apache.catalina.connector.Connector.initInternal(Connector.java:1283)
		... 11 more
14-Sep-2026 14:37:36.057 INFO [main] org.apache.catalina.startup.Catalina.load Server initialization in [672] milliseconds
14-Sep-2026 14:37:36.117 INFO [main] org.apache.catalina.core.StandardService.startInternal Starting service [Catalina]
14-Sep-2026 14:37:36.117 INFO [main] org.apache.catalina.core.StandardEngine.startInternal Starting Servlet engine: [Apache Tomcat/10.1.59]
14-Sep-2026 14:37:36.130 INFO [main] org.apache.catalina.startup.HostConfig.deployDirectory Deploying web application directory [/run/media/yskudilov/D090A4F890A4E5E6/tomcat/webapps/docs]
14-Sep-2026 14:37:36.520 INFO [main] org.apache.catalina.startup.HostConfig.deployDirectory Deployment of web application directory [/run/media/yskudilov/D090A4F890A4E5E6/tomcat/webapps/docs] has finished in [389] ms
14-Sep-2026 14:37:36.520 INFO [main] org.apache.catalina.startup.HostConfig.deployDirectory Deploying web application directory [/run/media/yskudilov/D090A4F890A4E5E6/tomcat/webapps/examples]
14-Sep-2026 14:37:36.935 INFO [main] org.apache.catalina.startup.HostConfig.deployDirectory Deployment of web application directory [/run/media/yskudilov/D090A4F890A4E5E6/tomcat/webapps/examples] has finished in [414] ms
14-Sep-2026 14:37:36.935 INFO [main] org.apache.catalina.startup.HostConfig.deployDirectory Deploying web application directory [/run/media/yskudilov/D090A4F890A4E5E6/tomcat/webapps/host-manager]
14-Sep-2026 14:37:36.979 INFO [main] org.apache.catalina.startup.HostConfig.deployDirectory Deployment of web application directory [/run/media/yskudilov/D090A4F890A4E5E6/tomcat/webapps/host-manager] has finished in [43] ms
14-Sep-2026 14:37:36.979 INFO [main] org.apache.catalina.startup.HostConfig.deployDirectory Deploying web application directory [/run/media/yskudilov/D090A4F890A4E5E6/tomcat/webapps/manager]
14-Sep-2026 14:37:37.026 INFO [main] org.apache.catalina.startup.HostConfig.deployDirectory Deployment of web application directory [/run/media/yskudilov/D090A4F890A4E5E6/tomcat/webapps/manager] has finished in [46] ms
14-Sep-2026 14:37:37.026 INFO [main] org.apache.catalina.startup.HostConfig.deployDirectory Deploying web application directory [/run/media/yskudilov/D090A4F890A4E5E6/tomcat/webapps/midp]
14-Sep-2026 14:37:37.074 INFO [main] org.apache.catalina.startup.HostConfig.deployDirectory Deployment of web application directory [/run/media/yskudilov/D090A4F890A4E5E6/tomcat/webapps/midp] has finished in [47] ms
14-Sep-2026 14:37:37.075 INFO [main] org.apache.catalina.startup.HostConfig.deployDirectory Deploying web application directory [/run/media/yskudilov/D090A4F890A4E5E6/tomcat/webapps/ROOT]
14-Sep-2026 14:37:37.107 INFO [main] org.apache.catalina.startup.HostConfig.deployDirectory Deployment of web application directory [/run/media/yskudilov/D090A4F890A4E5E6/tomcat/webapps/ROOT] has finished in [31] ms
14-Sep-2026 14:37:37.118 INFO [main] org.apache.catalina.startup.Catalina.start Server startup in [1059] milliseconds
14-Sep-2026 14:37:37.127 SEVERE [main] org.apache.catalina.core.StandardServer.await Failed to create server shutdown socket on address [localhost] and port [8006] (base port [8006] and offset [0])
	java.net.BindException: Address already in use
		at java.base/sun.nio.ch.Net.bind0(Native Method)
		at java.base/sun.nio.ch.Net.bind(Net.java:565)
		at java.base/sun.nio.ch.Net.bind(Net.java:554)
		at java.base/sun.nio.ch.NioSocketImpl.bind(NioSocketImpl.java:636)
		at java.base/java.net.ServerSocket.bind(ServerSocket.java:391)
		at java.base/java.net.ServerSocket.<init>(ServerSocket.java:278)
		at org.apache.catalina.core.StandardServer.await(StandardServer.java:536)
		at org.apache.catalina.startup.Catalina.await(Catalina.java:975)
		at org.apache.catalina.startup.Catalina.start(Catalina.java:923)
		at java.base/jdk.internal.reflect.DirectMethodHandleAccessor.invoke(DirectMethodHandleAccessor.java:103)
		at java.base/java.lang.reflect.Method.invoke(Method.java:580)
		at org.apache.catalina.startup.Bootstrap.start(Bootstrap.java:348)
		at org.apache.catalina.startup.Bootstrap.main(Bootstrap.java:485)
14-Sep-2026 14:37:37.130 INFO [main] org.apache.coyote.AbstractProtocol.pause Pausing ProtocolHandler ["http-nio-8081"]
14-Sep-2026 14:37:37.130 INFO [main] org.apache.catalina.core.StandardService.stopInternal Stopping service [Catalina]
14-Sep-2026 14:37:37.167 INFO [main] org.apache.coyote.AbstractProtocol.stop Stopping ProtocolHandler ["http-nio-8081"]
14-Sep-2026 14:37:37.170 INFO [main] org.apache.coyote.AbstractProtocol.destroy Destroying ProtocolHandler ["http-nio-8081"]
14-Sep-2026 16:02:42.837 INFO [Catalina-utility-2] org.apache.catalina.startup.HostConfig.deployDirectory Deploying web application directory [/run/media/yskudilov/D090A4F890A4E5E6/tomcat/webapps/trivia]
14-Sep-2026 16:02:42.871 INFO [Catalina-utility-2] org.apache.catalina.startup.HostConfig.deployDirectory Deployment of web application directory [/run/media/yskudilov/D090A4F890A4E5E6/tomcat/webapps/trivia] has finished in [33] ms
14-Sep-2026 16:02:51.329 INFO [main] org.apache.catalina.startup.VersionLoggerListener.log Server version name:   Apache Tomcat/10.1.59
14-Sep-2026 16:02:51.335 INFO [main] org.apache.catalina.startup.VersionLoggerListener.log Server built:          Aug 13 2026 16:59:10 UTC
14-Sep-2026 16:02:51.336 INFO [main] org.apache.catalina.startup.VersionLoggerListener.log Server version number: 10.1.59.0
14-Sep-2026 16:02:51.336 INFO [main] org.apache.catalina.startup.VersionLoggerListener.log OS Name:               Linux
14-Sep-2026 16:02:51.336 INFO [main] org.apache.catalina.startup.VersionLoggerListener.log OS Version:            7.0.0-28-generic
14-Sep-2026 16:02:51.336 INFO [main] org.apache.catalina.startup.VersionLoggerListener.log Architecture:          amd64
14-Sep-2026 16:02:51.336 INFO [main] org.apache.catalina.startup.VersionLoggerListener.log Java Home:             /usr/lib/jvm/jdk-21.0.6-oracle-x64
14-Sep-2026 16:02:51.336 INFO [main] org.apache.catalina.startup.VersionLoggerListener.log JVM Version:           21.0.6+8-LTS-188
14-Sep-2026 16:02:51.336 INFO [main] org.apache.catalina.startup.VersionLoggerListener.log JVM Vendor:            Oracle Corporation
14-Sep-2026 16:02:51.336 INFO [main] org.apache.catalina.startup.VersionLoggerListener.log CATALINA_BASE:         /run/media/yskudilov/D090A4F890A4E5E6/tomcat
14-Sep-2026 16:02:51.337 INFO [main] org.apache.catalina.startup.VersionLoggerListener.log CATALINA_HOME:         /run/media/yskudilov/D090A4F890A4E5E6/tomcat
14-Sep-2026 16:02:51.351 INFO [main] org.apache.catalina.startup.VersionLoggerListener.log Command line argument: -Djava.util.logging.config.file=/run/media/yskudilov/D090A4F890A4E5E6/tomcat/conf/logging.properties
14-Sep-2026 16:02:51.353 INFO [main] org.apache.catalina.startup.VersionLoggerListener.log Command line argument: -Djava.util.logging.manager=org.apache.juli.ClassLoaderLogManager
14-Sep-2026 16:02:51.353 INFO [main] org.apache.catalina.startup.VersionLoggerListener.log Command line argument: -Djdk.tls.ephemeralDHKeySize=2048
14-Sep-2026 16:02:51.354 INFO [main] org.apache.catalina.startup.VersionLoggerListener.log Command line argument: -Djava.protocol.handler.pkgs=org.apache.catalina.webresources
14-Sep-2026 16:02:51.354 INFO [main] org.apache.catalina.startup.VersionLoggerListener.log Command line argument: -Dsun.io.useCanonCaches=false
14-Sep-2026 16:02:51.354 INFO [main] org.apache.catalina.startup.VersionLoggerListener.log Command line argument: -Dorg.apache.catalina.security.SecurityListener.UMASK=0027
14-Sep-2026 16:02:51.354 INFO [main] org.apache.catalina.startup.VersionLoggerListener.log Command line argument: --add-opens=java.base/java.lang=ALL-UNNAMED
14-Sep-2026 16:02:51.354 INFO [main] org.apache.catalina.startup.VersionLoggerListener.log Command line argument: --add-opens=java.base/java.lang.reflect=ALL-UNNAMED
14-Sep-2026 16:02:51.354 INFO [main] org.apache.catalina.startup.VersionLoggerListener.log Command line argument: --add-opens=java.base/java.io=ALL-UNNAMED
14-Sep-2026 16:02:51.354 INFO [main] org.apache.catalina.startup.VersionLoggerListener.log Command line argument: --add-opens=java.base/java.util=ALL-UNNAMED
14-Sep-2026 16:02:51.354 INFO [main] org.apache.catalina.startup.VersionLoggerListener.log Command line argument: --add-opens=java.base/java.util.concurrent=ALL-UNNAMED
14-Sep-2026 16:02:51.354 INFO [main] org.apache.catalina.startup.VersionLoggerListener.log Command line argument: --add-opens=java.rmi/sun.rmi.transport=ALL-UNNAMED
14-Sep-2026 16:02:51.355 INFO [main] org.apache.catalina.startup.VersionLoggerListener.log Command line argument: -Dcatalina.base=/run/media/yskudilov/D090A4F890A4E5E6/tomcat
14-Sep-2026 16:02:51.355 INFO [main] org.apache.catalina.startup.VersionLoggerListener.log Command line argument: -Dcatalina.home=/run/media/yskudilov/D090A4F890A4E5E6/tomcat
14-Sep-2026 16:02:51.355 INFO [main] org.apache.catalina.startup.VersionLoggerListener.log Command line argument: -Djava.io.tmpdir=/run/media/yskudilov/D090A4F890A4E5E6/tomcat/temp
14-Sep-2026 16:02:51.356 INFO [main] org.apache.catalina.core.AprLifecycleListener.lifecycleEvent The Apache Tomcat Native library which allows using OpenSSL was not found on the java.library.path: [/usr/java/packages/lib:/usr/lib64:/lib64:/lib:/usr/lib]
14-Sep-2026 16:02:51.767 INFO [main] org.apache.coyote.AbstractProtocol.init Initializing ProtocolHandler ["http-nio-8081"]
14-Sep-2026 16:02:51.789 SEVERE [main] org.apache.catalina.util.LifecycleBase.handleSubClassException Failed to initialize component [Connector["http-nio-8081"]]
	org.apache.catalina.LifecycleException: Protocol handler initialization failed
		at org.apache.catalina.connector.Connector.initInternal(Connector.java:1285)
		at org.apache.catalina.util.LifecycleBase.init(LifecycleBase.java:128)
		at org.apache.catalina.core.StandardService.initInternal(StandardService.java:543)
		at org.apache.catalina.util.LifecycleBase.init(LifecycleBase.java:128)
		at org.apache.catalina.core.StandardServer.initInternal(StandardServer.java:962)
		at org.apache.catalina.util.LifecycleBase.init(LifecycleBase.java:128)
		at org.apache.catalina.startup.Catalina.load(Catalina.java:834)
		at org.apache.catalina.startup.Catalina.load(Catalina.java:859)
		at java.base/jdk.internal.reflect.DirectMethodHandleAccessor.invoke(DirectMethodHandleAccessor.java:103)
		at java.base/java.lang.reflect.Method.invoke(Method.java:580)
		at org.apache.catalina.startup.Bootstrap.load(Bootstrap.java:305)
		at org.apache.catalina.startup.Bootstrap.main(Bootstrap.java:484)
	Caused by: java.net.BindException: Address already in use
		at java.base/sun.nio.ch.Net.bind0(Native Method)
		at java.base/sun.nio.ch.Net.bind(Net.java:565)
		at java.base/sun.nio.ch.ServerSocketChannelImpl.netBind(ServerSocketChannelImpl.java:344)
		at java.base/sun.nio.ch.ServerSocketChannelImpl.bind(ServerSocketChannelImpl.java:301)
		at org.apache.tomcat.util.net.NioEndpoint.initServerSocket(NioEndpoint.java:493)
		at org.apache.tomcat.util.net.NioEndpoint.bind(NioEndpoint.java:377)
		at org.apache.tomcat.util.net.AbstractEndpoint.bindWithCleanup(AbstractEndpoint.java:1921)
		at org.apache.tomcat.util.net.AbstractEndpoint.init(AbstractEndpoint.java:1939)
		at org.apache.coyote.AbstractProtocol.init(AbstractProtocol.java:958)
		at org.apache.coyote.http11.AbstractHttp11Protocol.init(AbstractHttp11Protocol.java:95)
		at org.apache.catalina.connector.Connector.initInternal(Connector.java:1283)
		... 11 more
14-Sep-2026 16:02:51.793 INFO [main] org.apache.catalina.startup.Catalina.load Server initialization in [662] milliseconds
14-Sep-2026 16:02:51.872 INFO [main] org.apache.catalina.core.StandardService.startInternal Starting service [Catalina]
14-Sep-2026 16:02:51.872 INFO [main] org.apache.catalina.core.StandardEngine.startInternal Starting Servlet engine: [Apache Tomcat/10.1.59]
14-Sep-2026 16:02:51.884 INFO [main] org.apache.catalina.startup.HostConfig.deployDirectory Deploying web application directory [/run/media/yskudilov/D090A4F890A4E5E6/tomcat/webapps/docs]
14-Sep-2026 16:02:52.281 INFO [main] org.apache.catalina.startup.HostConfig.deployDirectory Deployment of web application directory [/run/media/yskudilov/D090A4F890A4E5E6/tomcat/webapps/docs] has finished in [396] ms
14-Sep-2026 16:02:52.282 INFO [main] org.apache.catalina.startup.HostConfig.deployDirectory Deploying web application directory [/run/media/yskudilov/D090A4F890A4E5E6/tomcat/webapps/examples]
14-Sep-2026 16:02:52.598 INFO [main] org.apache.catalina.startup.HostConfig.deployDirectory Deployment of web application directory [/run/media/yskudilov/D090A4F890A4E5E6/tomcat/webapps/examples] has finished in [315] ms
14-Sep-2026 16:02:52.598 INFO [main] org.apache.catalina.startup.HostConfig.deployDirectory Deploying web application directory [/run/media/yskudilov/D090A4F890A4E5E6/tomcat/webapps/host-manager]
14-Sep-2026 16:02:52.644 INFO [main] org.apache.catalina.startup.HostConfig.deployDirectory Deployment of web application directory [/run/media/yskudilov/D090A4F890A4E5E6/tomcat/webapps/host-manager] has finished in [45] ms
14-Sep-2026 16:02:52.644 INFO [main] org.apache.catalina.startup.HostConfig.deployDirectory Deploying web application directory [/run/media/yskudilov/D090A4F890A4E5E6/tomcat/webapps/manager]
14-Sep-2026 16:02:52.681 INFO [main] org.apache.catalina.startup.HostConfig.deployDirectory Deployment of web application directory [/run/media/yskudilov/D090A4F890A4E5E6/tomcat/webapps/manager] has finished in [37] ms
14-Sep-2026 16:02:52.682 INFO [main] org.apache.catalina.startup.HostConfig.deployDirectory Deploying web application directory [/run/media/yskudilov/D090A4F890A4E5E6/tomcat/webapps/midp]
14-Sep-2026 16:02:52.728 INFO [main] org.apache.catalina.startup.HostConfig.deployDirectory Deployment of web application directory [/run/media/yskudilov/D090A4F890A4E5E6/tomcat/webapps/midp] has finished in [46] ms
14-Sep-2026 16:02:52.729 INFO [main] org.apache.catalina.startup.HostConfig.deployDirectory Deploying web application directory [/run/media/yskudilov/D090A4F890A4E5E6/tomcat/webapps/ROOT]
14-Sep-2026 16:02:52.755 INFO [main] org.apache.catalina.startup.HostConfig.deployDirectory Deployment of web application directory [/run/media/yskudilov/D090A4F890A4E5E6/tomcat/webapps/ROOT] has finished in [25] ms
14-Sep-2026 16:02:52.755 INFO [main] org.apache.catalina.startup.HostConfig.deployDirectory Deploying web application directory [/run/media/yskudilov/D090A4F890A4E5E6/tomcat/webapps/trivia]
14-Sep-2026 16:02:52.787 INFO [main] org.apache.catalina.startup.HostConfig.deployDirectory Deployment of web application directory [/run/media/yskudilov/D090A4F890A4E5E6/tomcat/webapps/trivia] has finished in [32] ms
14-Sep-2026 16:02:52.798 INFO [main] org.apache.catalina.startup.Catalina.start Server startup in [1002] milliseconds
14-Sep-2026 16:02:52.804 SEVERE [main] org.apache.catalina.core.StandardServer.await Failed to create server shutdown socket on address [localhost] and port [8006] (base port [8006] and offset [0])
	java.net.BindException: Address already in use
		at java.base/sun.nio.ch.Net.bind0(Native Method)
		at java.base/sun.nio.ch.Net.bind(Net.java:565)
		at java.base/sun.nio.ch.Net.bind(Net.java:554)
		at java.base/sun.nio.ch.NioSocketImpl.bind(NioSocketImpl.java:636)
		at java.base/java.net.ServerSocket.bind(ServerSocket.java:391)
		at java.base/java.net.ServerSocket.<init>(ServerSocket.java:278)
		at org.apache.catalina.core.StandardServer.await(StandardServer.java:536)
		at org.apache.catalina.startup.Catalina.await(Catalina.java:975)
		at org.apache.catalina.startup.Catalina.start(Catalina.java:923)
		at java.base/jdk.internal.reflect.DirectMethodHandleAccessor.invoke(DirectMethodHandleAccessor.java:103)
		at java.base/java.lang.reflect.Method.invoke(Method.java:580)
		at org.apache.catalina.startup.Bootstrap.start(Bootstrap.java:348)
		at org.apache.catalina.startup.Bootstrap.main(Bootstrap.java:485)
14-Sep-2026 16:02:52.806 INFO [main] org.apache.coyote.AbstractProtocol.pause Pausing ProtocolHandler ["http-nio-8081"]
14-Sep-2026 16:02:52.807 INFO [main] org.apache.catalina.core.StandardService.stopInternal Stopping service [Catalina]
14-Sep-2026 16:02:52.849 INFO [main] org.apache.coyote.AbstractProtocol.stop Stopping ProtocolHandler ["http-nio-8081"]
14-Sep-2026 16:02:52.852 INFO [main] org.apache.coyote.AbstractProtocol.destroy Destroying ProtocolHandler ["http-nio-8081"]
14-Sep-2026 16:06:03.215 INFO [main] org.apache.catalina.startup.VersionLoggerListener.log Server version name:   Apache Tomcat/10.1.59
14-Sep-2026 16:06:03.222 INFO [main] org.apache.catalina.startup.VersionLoggerListener.log Server built:          Aug 13 2026 16:59:10 UTC
14-Sep-2026 16:06:03.222 INFO [main] org.apache.catalina.startup.VersionLoggerListener.log Server version number: 10.1.59.0
14-Sep-2026 16:06:03.222 INFO [main] org.apache.catalina.startup.VersionLoggerListener.log OS Name:               Linux
14-Sep-2026 16:06:03.223 INFO [main] org.apache.catalina.startup.VersionLoggerListener.log OS Version:            7.0.0-28-generic
14-Sep-2026 16:06:03.223 INFO [main] org.apache.catalina.startup.VersionLoggerListener.log Architecture:          amd64
14-Sep-2026 16:06:03.223 INFO [main] org.apache.catalina.startup.VersionLoggerListener.log Java Home:             /usr/lib/jvm/jdk-21.0.6-oracle-x64
14-Sep-2026 16:06:03.223 INFO [main] org.apache.catalina.startup.VersionLoggerListener.log JVM Version:           21.0.6+8-LTS-188
14-Sep-2026 16:06:03.224 INFO [main] org.apache.catalina.startup.VersionLoggerListener.log JVM Vendor:            Oracle Corporation
14-Sep-2026 16:06:03.224 INFO [main] org.apache.catalina.startup.VersionLoggerListener.log CATALINA_BASE:         /run/media/yskudilov/D090A4F890A4E5E6/tomcat
14-Sep-2026 16:06:03.224 INFO [main] org.apache.catalina.startup.VersionLoggerListener.log CATALINA_HOME:         /run/media/yskudilov/D090A4F890A4E5E6/tomcat
14-Sep-2026 16:06:03.239 INFO [main] org.apache.catalina.startup.VersionLoggerListener.log Command line argument: -Djava.util.logging.config.file=/run/media/yskudilov/D090A4F890A4E5E6/tomcat/conf/logging.properties
14-Sep-2026 16:06:03.239 INFO [main] org.apache.catalina.startup.VersionLoggerListener.log Command line argument: -Djava.util.logging.manager=org.apache.juli.ClassLoaderLogManager
14-Sep-2026 16:06:03.239 INFO [main] org.apache.catalina.startup.VersionLoggerListener.log Command line argument: -Djdk.tls.ephemeralDHKeySize=2048
14-Sep-2026 16:06:03.239 INFO [main] org.apache.catalina.startup.VersionLoggerListener.log Command line argument: -Djava.protocol.handler.pkgs=org.apache.catalina.webresources
14-Sep-2026 16:06:03.240 INFO [main] org.apache.catalina.startup.VersionLoggerListener.log Command line argument: -Dsun.io.useCanonCaches=false
14-Sep-2026 16:06:03.241 INFO [main] org.apache.catalina.startup.VersionLoggerListener.log Command line argument: -Dorg.apache.catalina.security.SecurityListener.UMASK=0027
14-Sep-2026 16:06:03.242 INFO [main] org.apache.catalina.startup.VersionLoggerListener.log Command line argument: --add-opens=java.base/java.lang=ALL-UNNAMED
14-Sep-2026 16:06:03.242 INFO [main] org.apache.catalina.startup.VersionLoggerListener.log Command line argument: --add-opens=java.base/java.lang.reflect=ALL-UNNAMED
14-Sep-2026 16:06:03.242 INFO [main] org.apache.catalina.startup.VersionLoggerListener.log Command line argument: --add-opens=java.base/java.io=ALL-UNNAMED
14-Sep-2026 16:06:03.242 INFO [main] org.apache.catalina.startup.VersionLoggerListener.log Command line argument: --add-opens=java.base/java.util=ALL-UNNAMED
14-Sep-2026 16:06:03.242 INFO [main] org.apache.catalina.startup.VersionLoggerListener.log Command line argument: --add-opens=java.base/java.util.concurrent=ALL-UNNAMED
14-Sep-2026 16:06:03.242 INFO [main] org.apache.catalina.startup.VersionLoggerListener.log Command line argument: --add-opens=java.rmi/sun.rmi.transport=ALL-UNNAMED
14-Sep-2026 16:06:03.242 INFO [main] org.apache.catalina.startup.VersionLoggerListener.log Command line argument: -Dcatalina.base=/run/media/yskudilov/D090A4F890A4E5E6/tomcat
14-Sep-2026 16:06:03.242 INFO [main] org.apache.catalina.startup.VersionLoggerListener.log Command line argument: -Dcatalina.home=/run/media/yskudilov/D090A4F890A4E5E6/tomcat
14-Sep-2026 16:06:03.243 INFO [main] org.apache.catalina.startup.VersionLoggerListener.log Command line argument: -Djava.io.tmpdir=/run/media/yskudilov/D090A4F890A4E5E6/tomcat/temp
14-Sep-2026 16:06:03.245 INFO [main] org.apache.catalina.core.AprLifecycleListener.lifecycleEvent The Apache Tomcat Native library which allows using OpenSSL was not found on the java.library.path: [/usr/java/packages/lib:/usr/lib64:/lib64:/lib:/usr/lib]
14-Sep-2026 16:06:03.614 INFO [main] org.apache.coyote.AbstractProtocol.init Initializing ProtocolHandler ["http-nio-8081"]
14-Sep-2026 16:06:03.634 SEVERE [main] org.apache.catalina.util.LifecycleBase.handleSubClassException Failed to initialize component [Connector["http-nio-8081"]]
	org.apache.catalina.LifecycleException: Protocol handler initialization failed
		at org.apache.catalina.connector.Connector.initInternal(Connector.java:1285)
		at org.apache.catalina.util.LifecycleBase.init(LifecycleBase.java:128)
		at org.apache.catalina.core.StandardService.initInternal(StandardService.java:543)
		at org.apache.catalina.util.LifecycleBase.init(LifecycleBase.java:128)
		at org.apache.catalina.core.StandardServer.initInternal(StandardServer.java:962)
		at org.apache.catalina.util.LifecycleBase.init(LifecycleBase.java:128)
		at org.apache.catalina.startup.Catalina.load(Catalina.java:834)
		at org.apache.catalina.startup.Catalina.load(Catalina.java:859)
		at java.base/jdk.internal.reflect.DirectMethodHandleAccessor.invoke(DirectMethodHandleAccessor.java:103)
		at java.base/java.lang.reflect.Method.invoke(Method.java:580)
		at org.apache.catalina.startup.Bootstrap.load(Bootstrap.java:305)
		at org.apache.catalina.startup.Bootstrap.main(Bootstrap.java:484)
	Caused by: java.net.BindException: Address already in use
		at java.base/sun.nio.ch.Net.bind0(Native Method)
		at java.base/sun.nio.ch.Net.bind(Net.java:565)
		at java.base/sun.nio.ch.ServerSocketChannelImpl.netBind(ServerSocketChannelImpl.java:344)
		at java.base/sun.nio.ch.ServerSocketChannelImpl.bind(ServerSocketChannelImpl.java:301)
		at org.apache.tomcat.util.net.NioEndpoint.initServerSocket(NioEndpoint.java:493)
		at org.apache.tomcat.util.net.NioEndpoint.bind(NioEndpoint.java:377)
		at org.apache.tomcat.util.net.AbstractEndpoint.bindWithCleanup(AbstractEndpoint.java:1921)
		at org.apache.tomcat.util.net.AbstractEndpoint.init(AbstractEndpoint.java:1939)
		at org.apache.coyote.AbstractProtocol.init(AbstractProtocol.java:958)
		at org.apache.coyote.http11.AbstractHttp11Protocol.init(AbstractHttp11Protocol.java:95)
		at org.apache.catalina.connector.Connector.initInternal(Connector.java:1283)
		... 11 more
14-Sep-2026 16:06:03.637 INFO [main] org.apache.catalina.startup.Catalina.load Server initialization in [640] milliseconds
14-Sep-2026 16:06:03.691 INFO [main] org.apache.catalina.core.StandardService.startInternal Starting service [Catalina]
14-Sep-2026 16:06:03.692 INFO [main] org.apache.catalina.core.StandardEngine.startInternal Starting Servlet engine: [Apache Tomcat/10.1.59]
14-Sep-2026 16:06:03.704 INFO [main] org.apache.catalina.startup.HostConfig.deployDirectory Deploying web application directory [/run/media/yskudilov/D090A4F890A4E5E6/tomcat/webapps/docs]
14-Sep-2026 16:06:04.098 INFO [main] org.apache.catalina.startup.HostConfig.deployDirectory Deployment of web application directory [/run/media/yskudilov/D090A4F890A4E5E6/tomcat/webapps/docs] has finished in [393] ms
14-Sep-2026 16:06:04.098 INFO [main] org.apache.catalina.startup.HostConfig.deployDirectory Deploying web application directory [/run/media/yskudilov/D090A4F890A4E5E6/tomcat/webapps/examples]
14-Sep-2026 16:06:04.407 INFO [main] org.apache.catalina.startup.HostConfig.deployDirectory Deployment of web application directory [/run/media/yskudilov/D090A4F890A4E5E6/tomcat/webapps/examples] has finished in [309] ms
14-Sep-2026 16:06:04.408 INFO [main] org.apache.catalina.startup.HostConfig.deployDirectory Deploying web application directory [/run/media/yskudilov/D090A4F890A4E5E6/tomcat/webapps/host-manager]
14-Sep-2026 16:06:04.466 INFO [main] org.apache.catalina.startup.HostConfig.deployDirectory Deployment of web application directory [/run/media/yskudilov/D090A4F890A4E5E6/tomcat/webapps/host-manager] has finished in [58] ms
14-Sep-2026 16:06:04.467 INFO [main] org.apache.catalina.startup.HostConfig.deployDirectory Deploying web application directory [/run/media/yskudilov/D090A4F890A4E5E6/tomcat/webapps/manager]
14-Sep-2026 16:06:04.501 INFO [main] org.apache.catalina.startup.HostConfig.deployDirectory Deployment of web application directory [/run/media/yskudilov/D090A4F890A4E5E6/tomcat/webapps/manager] has finished in [34] ms
14-Sep-2026 16:06:04.502 INFO [main] org.apache.catalina.startup.HostConfig.deployDirectory Deploying web application directory [/run/media/yskudilov/D090A4F890A4E5E6/tomcat/webapps/midp]
14-Sep-2026 16:06:04.548 INFO [main] org.apache.catalina.startup.HostConfig.deployDirectory Deployment of web application directory [/run/media/yskudilov/D090A4F890A4E5E6/tomcat/webapps/midp] has finished in [45] ms
14-Sep-2026 16:06:04.549 INFO [main] org.apache.catalina.startup.HostConfig.deployDirectory Deploying web application directory [/run/media/yskudilov/D090A4F890A4E5E6/tomcat/webapps/ROOT]
14-Sep-2026 16:06:04.574 INFO [main] org.apache.catalina.startup.HostConfig.deployDirectory Deployment of web application directory [/run/media/yskudilov/D090A4F890A4E5E6/tomcat/webapps/ROOT] has finished in [26] ms
14-Sep-2026 16:06:04.574 INFO [main] org.apache.catalina.startup.HostConfig.deployDirectory Deploying web application directory [/run/media/yskudilov/D090A4F890A4E5E6/tomcat/webapps/trivia]
14-Sep-2026 16:06:04.618 INFO [main] org.apache.catalina.startup.HostConfig.deployDirectory Deployment of web application directory [/run/media/yskudilov/D090A4F890A4E5E6/tomcat/webapps/trivia] has finished in [44] ms
14-Sep-2026 16:06:04.625 INFO [main] org.apache.catalina.startup.Catalina.start Server startup in [986] milliseconds
14-Sep-2026 16:06:04.631 SEVERE [main] org.apache.catalina.core.StandardServer.await Failed to create server shutdown socket on address [localhost] and port [8006] (base port [8006] and offset [0])
	java.net.BindException: Address already in use
		at java.base/sun.nio.ch.Net.bind0(Native Method)
		at java.base/sun.nio.ch.Net.bind(Net.java:565)
		at java.base/sun.nio.ch.Net.bind(Net.java:554)
		at java.base/sun.nio.ch.NioSocketImpl.bind(NioSocketImpl.java:636)
		at java.base/java.net.ServerSocket.bind(ServerSocket.java:391)
		at java.base/java.net.ServerSocket.<init>(ServerSocket.java:278)
		at org.apache.catalina.core.StandardServer.await(StandardServer.java:536)
		at org.apache.catalina.startup.Catalina.await(Catalina.java:975)
		at org.apache.catalina.startup.Catalina.start(Catalina.java:923)
		at java.base/jdk.internal.reflect.DirectMethodHandleAccessor.invoke(DirectMethodHandleAccessor.java:103)
		at java.base/java.lang.reflect.Method.invoke(Method.java:580)
		at org.apache.catalina.startup.Bootstrap.start(Bootstrap.java:348)
		at org.apache.catalina.startup.Bootstrap.main(Bootstrap.java:485)
14-Sep-2026 16:06:04.635 INFO [main] org.apache.coyote.AbstractProtocol.pause Pausing ProtocolHandler ["http-nio-8081"]
14-Sep-2026 16:06:04.635 INFO [main] org.apache.catalina.core.StandardService.stopInternal Stopping service [Catalina]
14-Sep-2026 16:06:04.682 INFO [main] org.apache.coyote.AbstractProtocol.stop Stopping ProtocolHandler ["http-nio-8081"]
14-Sep-2026 16:06:04.685 INFO [main] org.apache.coyote.AbstractProtocol.destroy Destroying ProtocolHandler ["http-nio-8081"]
14-Sep-2026 16:07:19.974 INFO [main] org.apache.catalina.startup.VersionLoggerListener.log Server version name:   Apache Tomcat/10.1.59
14-Sep-2026 16:07:19.981 INFO [main] org.apache.catalina.startup.VersionLoggerListener.log Server built:          Aug 13 2026 16:59:10 UTC
14-Sep-2026 16:07:19.981 INFO [main] org.apache.catalina.startup.VersionLoggerListener.log Server version number: 10.1.59.0
14-Sep-2026 16:07:19.981 INFO [main] org.apache.catalina.startup.VersionLoggerListener.log OS Name:               Linux
14-Sep-2026 16:07:19.981 INFO [main] org.apache.catalina.startup.VersionLoggerListener.log OS Version:            7.0.0-28-generic
14-Sep-2026 16:07:19.981 INFO [main] org.apache.catalina.startup.VersionLoggerListener.log Architecture:          amd64
14-Sep-2026 16:07:19.982 INFO [main] org.apache.catalina.startup.VersionLoggerListener.log Java Home:             /usr/lib/jvm/jdk-21.0.6-oracle-x64
14-Sep-2026 16:07:19.982 INFO [main] org.apache.catalina.startup.VersionLoggerListener.log JVM Version:           21.0.6+8-LTS-188
14-Sep-2026 16:07:19.982 INFO [main] org.apache.catalina.startup.VersionLoggerListener.log JVM Vendor:            Oracle Corporation
14-Sep-2026 16:07:19.982 INFO [main] org.apache.catalina.startup.VersionLoggerListener.log CATALINA_BASE:         /run/media/yskudilov/D090A4F890A4E5E6/tomcat
14-Sep-2026 16:07:19.982 INFO [main] org.apache.catalina.startup.VersionLoggerListener.log CATALINA_HOME:         /run/media/yskudilov/D090A4F890A4E5E6/tomcat
14-Sep-2026 16:07:19.995 INFO [main] org.apache.catalina.startup.VersionLoggerListener.log Command line argument: -Djava.util.logging.config.file=/run/media/yskudilov/D090A4F890A4E5E6/tomcat/conf/logging.properties
14-Sep-2026 16:07:19.995 INFO [main] org.apache.catalina.startup.VersionLoggerListener.log Command line argument: -Djava.util.logging.manager=org.apache.juli.ClassLoaderLogManager
14-Sep-2026 16:07:19.995 INFO [main] org.apache.catalina.startup.VersionLoggerListener.log Command line argument: -Djdk.tls.ephemeralDHKeySize=2048
14-Sep-2026 16:07:19.995 INFO [main] org.apache.catalina.startup.VersionLoggerListener.log Command line argument: -Djava.protocol.handler.pkgs=org.apache.catalina.webresources
14-Sep-2026 16:07:19.995 INFO [main] org.apache.catalina.startup.VersionLoggerListener.log Command line argument: -Dsun.io.useCanonCaches=false
14-Sep-2026 16:07:19.995 INFO [main] org.apache.catalina.startup.VersionLoggerListener.log Command line argument: -Dorg.apache.catalina.security.SecurityListener.UMASK=0027
14-Sep-2026 16:07:19.995 INFO [main] org.apache.catalina.startup.VersionLoggerListener.log Command line argument: --add-opens=java.base/java.lang=ALL-UNNAMED
14-Sep-2026 16:07:19.996 INFO [main] org.apache.catalina.startup.VersionLoggerListener.log Command line argument: --add-opens=java.base/java.lang.reflect=ALL-UNNAMED
14-Sep-2026 16:07:19.996 INFO [main] org.apache.catalina.startup.VersionLoggerListener.log Command line argument: --add-opens=java.base/java.io=ALL-UNNAMED
14-Sep-2026 16:07:19.996 INFO [main] org.apache.catalina.startup.VersionLoggerListener.log Command line argument: --add-opens=java.base/java.util=ALL-UNNAMED
14-Sep-2026 16:07:19.997 INFO [main] org.apache.catalina.startup.VersionLoggerListener.log Command line argument: --add-opens=java.base/java.util.concurrent=ALL-UNNAMED
14-Sep-2026 16:07:19.997 INFO [main] org.apache.catalina.startup.VersionLoggerListener.log Command line argument: --add-opens=java.rmi/sun.rmi.transport=ALL-UNNAMED
14-Sep-2026 16:07:19.997 INFO [main] org.apache.catalina.startup.VersionLoggerListener.log Command line argument: -Dcatalina.base=/run/media/yskudilov/D090A4F890A4E5E6/tomcat
14-Sep-2026 16:07:19.997 INFO [main] org.apache.catalina.startup.VersionLoggerListener.log Command line argument: -Dcatalina.home=/run/media/yskudilov/D090A4F890A4E5E6/tomcat
14-Sep-2026 16:07:19.998 INFO [main] org.apache.catalina.startup.VersionLoggerListener.log Command line argument: -Djava.io.tmpdir=/run/media/yskudilov/D090A4F890A4E5E6/tomcat/temp
14-Sep-2026 16:07:20.000 INFO [main] org.apache.catalina.core.AprLifecycleListener.lifecycleEvent The Apache Tomcat Native library which allows using OpenSSL was not found on the java.library.path: [/usr/java/packages/lib:/usr/lib64:/lib64:/lib:/usr/lib]
14-Sep-2026 16:07:20.354 INFO [main] org.apache.coyote.AbstractProtocol.init Initializing ProtocolHandler ["http-nio-8081"]
14-Sep-2026 16:07:20.374 SEVERE [main] org.apache.catalina.util.LifecycleBase.handleSubClassException Failed to initialize component [Connector["http-nio-8081"]]
	org.apache.catalina.LifecycleException: Protocol handler initialization failed
		at org.apache.catalina.connector.Connector.initInternal(Connector.java:1285)
		at org.apache.catalina.util.LifecycleBase.init(LifecycleBase.java:128)
		at org.apache.catalina.core.StandardService.initInternal(StandardService.java:543)
		at org.apache.catalina.util.LifecycleBase.init(LifecycleBase.java:128)
		at org.apache.catalina.core.StandardServer.initInternal(StandardServer.java:962)
		at org.apache.catalina.util.LifecycleBase.init(LifecycleBase.java:128)
		at org.apache.catalina.startup.Catalina.load(Catalina.java:834)
		at org.apache.catalina.startup.Catalina.load(Catalina.java:859)
		at java.base/jdk.internal.reflect.DirectMethodHandleAccessor.invoke(DirectMethodHandleAccessor.java:103)
		at java.base/java.lang.reflect.Method.invoke(Method.java:580)
		at org.apache.catalina.startup.Bootstrap.load(Bootstrap.java:305)
		at org.apache.catalina.startup.Bootstrap.main(Bootstrap.java:484)
	Caused by: java.net.BindException: Address already in use
		at java.base/sun.nio.ch.Net.bind0(Native Method)
		at java.base/sun.nio.ch.Net.bind(Net.java:565)
		at java.base/sun.nio.ch.ServerSocketChannelImpl.netBind(ServerSocketChannelImpl.java:344)
		at java.base/sun.nio.ch.ServerSocketChannelImpl.bind(ServerSocketChannelImpl.java:301)
		at org.apache.tomcat.util.net.NioEndpoint.initServerSocket(NioEndpoint.java:493)
		at org.apache.tomcat.util.net.NioEndpoint.bind(NioEndpoint.java:377)
		at org.apache.tomcat.util.net.AbstractEndpoint.bindWithCleanup(AbstractEndpoint.java:1921)
		at org.apache.tomcat.util.net.AbstractEndpoint.init(AbstractEndpoint.java:1939)
		at org.apache.coyote.AbstractProtocol.init(AbstractProtocol.java:958)
		at org.apache.coyote.http11.AbstractHttp11Protocol.init(AbstractHttp11Protocol.java:95)
		at org.apache.catalina.connector.Connector.initInternal(Connector.java:1283)
		... 11 more
14-Sep-2026 16:07:20.376 INFO [main] org.apache.catalina.startup.Catalina.load Server initialization in [615] milliseconds
14-Sep-2026 16:07:20.432 INFO [main] org.apache.catalina.core.StandardService.startInternal Starting service [Catalina]
14-Sep-2026 16:07:20.432 INFO [main] org.apache.catalina.core.StandardEngine.startInternal Starting Servlet engine: [Apache Tomcat/10.1.59]
14-Sep-2026 16:07:20.445 INFO [main] org.apache.catalina.startup.HostConfig.deployDirectory Deploying web application directory [/run/media/yskudilov/D090A4F890A4E5E6/tomcat/webapps/docs]
14-Sep-2026 16:07:20.819 INFO [main] org.apache.catalina.startup.HostConfig.deployDirectory Deployment of web application directory [/run/media/yskudilov/D090A4F890A4E5E6/tomcat/webapps/docs] has finished in [373] ms
14-Sep-2026 16:07:20.821 INFO [main] org.apache.catalina.startup.HostConfig.deployDirectory Deploying web application directory [/run/media/yskudilov/D090A4F890A4E5E6/tomcat/webapps/examples]
14-Sep-2026 16:07:21.089 INFO [main] org.apache.catalina.startup.HostConfig.deployDirectory Deployment of web application directory [/run/media/yskudilov/D090A4F890A4E5E6/tomcat/webapps/examples] has finished in [267] ms
14-Sep-2026 16:07:21.089 INFO [main] org.apache.catalina.startup.HostConfig.deployDirectory Deploying web application directory [/run/media/yskudilov/D090A4F890A4E5E6/tomcat/webapps/host-manager]
14-Sep-2026 16:07:21.123 INFO [main] org.apache.catalina.startup.HostConfig.deployDirectory Deployment of web application directory [/run/media/yskudilov/D090A4F890A4E5E6/tomcat/webapps/host-manager] has finished in [33] ms
14-Sep-2026 16:07:21.123 INFO [main] org.apache.catalina.startup.HostConfig.deployDirectory Deploying web application directory [/run/media/yskudilov/D090A4F890A4E5E6/tomcat/webapps/manager]
14-Sep-2026 16:07:21.152 INFO [main] org.apache.catalina.startup.HostConfig.deployDirectory Deployment of web application directory [/run/media/yskudilov/D090A4F890A4E5E6/tomcat/webapps/manager] has finished in [29] ms
14-Sep-2026 16:07:21.153 INFO [main] org.apache.catalina.startup.HostConfig.deployDirectory Deploying web application directory [/run/media/yskudilov/D090A4F890A4E5E6/tomcat/webapps/midp]
14-Sep-2026 16:07:21.193 INFO [main] org.apache.catalina.startup.HostConfig.deployDirectory Deployment of web application directory [/run/media/yskudilov/D090A4F890A4E5E6/tomcat/webapps/midp] has finished in [40] ms
14-Sep-2026 16:07:21.194 INFO [main] org.apache.catalina.startup.HostConfig.deployDirectory Deploying web application directory [/run/media/yskudilov/D090A4F890A4E5E6/tomcat/webapps/ROOT]
14-Sep-2026 16:07:21.215 INFO [main] org.apache.catalina.startup.HostConfig.deployDirectory Deployment of web application directory [/run/media/yskudilov/D090A4F890A4E5E6/tomcat/webapps/ROOT] has finished in [21] ms
14-Sep-2026 16:07:21.215 INFO [main] org.apache.catalina.startup.HostConfig.deployDirectory Deploying web application directory [/run/media/yskudilov/D090A4F890A4E5E6/tomcat/webapps/trivia]
14-Sep-2026 16:07:21.252 INFO [main] org.apache.catalina.startup.HostConfig.deployDirectory Deployment of web application directory [/run/media/yskudilov/D090A4F890A4E5E6/tomcat/webapps/trivia] has finished in [37] ms
14-Sep-2026 16:07:21.261 INFO [main] org.apache.catalina.startup.Catalina.start Server startup in [882] milliseconds
14-Sep-2026 16:07:21.267 SEVERE [main] org.apache.catalina.core.StandardServer.await Failed to create server shutdown socket on address [localhost] and port [8006] (base port [8006] and offset [0])
	java.net.BindException: Address already in use
		at java.base/sun.nio.ch.Net.bind0(Native Method)
		at java.base/sun.nio.ch.Net.bind(Net.java:565)
		at java.base/sun.nio.ch.Net.bind(Net.java:554)
		at java.base/sun.nio.ch.NioSocketImpl.bind(NioSocketImpl.java:636)
		at java.base/java.net.ServerSocket.bind(ServerSocket.java:391)
		at java.base/java.net.ServerSocket.<init>(ServerSocket.java:278)
		at org.apache.catalina.core.StandardServer.await(StandardServer.java:536)
		at org.apache.catalina.startup.Catalina.await(Catalina.java:975)
		at org.apache.catalina.startup.Catalina.start(Catalina.java:923)
		at java.base/jdk.internal.reflect.DirectMethodHandleAccessor.invoke(DirectMethodHandleAccessor.java:103)
		at java.base/java.lang.reflect.Method.invoke(Method.java:580)
		at org.apache.catalina.startup.Bootstrap.start(Bootstrap.java:348)
		at org.apache.catalina.startup.Bootstrap.main(Bootstrap.java:485)
14-Sep-2026 16:07:21.269 INFO [main] org.apache.coyote.AbstractProtocol.pause Pausing ProtocolHandler ["http-nio-8081"]
14-Sep-2026 16:07:21.269 INFO [main] org.apache.catalina.core.StandardService.stopInternal Stopping service [Catalina]
14-Sep-2026 16:07:21.308 INFO [main] org.apache.coyote.AbstractProtocol.stop Stopping ProtocolHandler ["http-nio-8081"]
14-Sep-2026 16:07:21.311 INFO [main] org.apache.coyote.AbstractProtocol.destroy Destroying ProtocolHandler ["http-nio-8081"]
14-Sep-2026 16:08:22.059 INFO [main] org.apache.catalina.core.StandardServer.await A valid shutdown command was received via the shutdown port. Stopping the Server instance.
14-Sep-2026 16:08:22.062 INFO [main] org.apache.coyote.AbstractProtocol.pause Pausing ProtocolHandler ["http-nio-8081"]
14-Sep-2026 16:08:22.066 INFO [main] org.apache.catalina.core.StandardService.stopInternal Stopping service [Catalina]
14-Sep-2026 16:08:22.098 INFO [main] org.apache.coyote.AbstractProtocol.stop Stopping ProtocolHandler ["http-nio-8081"]
14-Sep-2026 16:08:22.114 INFO [main] org.apache.coyote.AbstractProtocol.destroy Destroying ProtocolHandler ["http-nio-8081"]
14-Sep-2026 16:08:24.604 INFO [main] org.apache.catalina.startup.VersionLoggerListener.log Server version name:   Apache Tomcat/10.1.59
14-Sep-2026 16:08:24.611 INFO [main] org.apache.catalina.startup.VersionLoggerListener.log Server built:          Aug 13 2026 16:59:10 UTC
14-Sep-2026 16:08:24.611 INFO [main] org.apache.catalina.startup.VersionLoggerListener.log Server version number: 10.1.59.0
14-Sep-2026 16:08:24.611 INFO [main] org.apache.catalina.startup.VersionLoggerListener.log OS Name:               Linux
14-Sep-2026 16:08:24.612 INFO [main] org.apache.catalina.startup.VersionLoggerListener.log OS Version:            7.0.0-28-generic
14-Sep-2026 16:08:24.612 INFO [main] org.apache.catalina.startup.VersionLoggerListener.log Architecture:          amd64
14-Sep-2026 16:08:24.612 INFO [main] org.apache.catalina.startup.VersionLoggerListener.log Java Home:             /usr/lib/jvm/jdk-21.0.6-oracle-x64
14-Sep-2026 16:08:24.612 INFO [main] org.apache.catalina.startup.VersionLoggerListener.log JVM Version:           21.0.6+8-LTS-188
14-Sep-2026 16:08:24.612 INFO [main] org.apache.catalina.startup.VersionLoggerListener.log JVM Vendor:            Oracle Corporation
14-Sep-2026 16:08:24.613 INFO [main] org.apache.catalina.startup.VersionLoggerListener.log CATALINA_BASE:         /run/media/yskudilov/D090A4F890A4E5E6/tomcat
14-Sep-2026 16:08:24.613 INFO [main] org.apache.catalina.startup.VersionLoggerListener.log CATALINA_HOME:         /run/media/yskudilov/D090A4F890A4E5E6/tomcat
14-Sep-2026 16:08:24.626 INFO [main] org.apache.catalina.startup.VersionLoggerListener.log Command line argument: -Djava.util.logging.config.file=/run/media/yskudilov/D090A4F890A4E5E6/tomcat/conf/logging.properties
14-Sep-2026 16:08:24.627 INFO [main] org.apache.catalina.startup.VersionLoggerListener.log Command line argument: -Djava.util.logging.manager=org.apache.juli.ClassLoaderLogManager
14-Sep-2026 16:08:24.627 INFO [main] org.apache.catalina.startup.VersionLoggerListener.log Command line argument: -Djdk.tls.ephemeralDHKeySize=2048
14-Sep-2026 16:08:24.627 INFO [main] org.apache.catalina.startup.VersionLoggerListener.log Command line argument: -Djava.protocol.handler.pkgs=org.apache.catalina.webresources
14-Sep-2026 16:08:24.627 INFO [main] org.apache.catalina.startup.VersionLoggerListener.log Command line argument: -Dsun.io.useCanonCaches=false
14-Sep-2026 16:08:24.627 INFO [main] org.apache.catalina.startup.VersionLoggerListener.log Command line argument: -Dorg.apache.catalina.security.SecurityListener.UMASK=0027
14-Sep-2026 16:08:24.627 INFO [main] org.apache.catalina.startup.VersionLoggerListener.log Command line argument: --add-opens=java.base/java.lang=ALL-UNNAMED
14-Sep-2026 16:08:24.628 INFO [main] org.apache.catalina.startup.VersionLoggerListener.log Command line argument: --add-opens=java.base/java.lang.reflect=ALL-UNNAMED
14-Sep-2026 16:08:24.628 INFO [main] org.apache.catalina.startup.VersionLoggerListener.log Command line argument: --add-opens=java.base/java.io=ALL-UNNAMED
14-Sep-2026 16:08:24.628 INFO [main] org.apache.catalina.startup.VersionLoggerListener.log Command line argument: --add-opens=java.base/java.util=ALL-UNNAMED
14-Sep-2026 16:08:24.628 INFO [main] org.apache.catalina.startup.VersionLoggerListener.log Command line argument: --add-opens=java.base/java.util.concurrent=ALL-UNNAMED
14-Sep-2026 16:08:24.628 INFO [main] org.apache.catalina.startup.VersionLoggerListener.log Command line argument: --add-opens=java.rmi/sun.rmi.transport=ALL-UNNAMED
14-Sep-2026 16:08:24.630 INFO [main] org.apache.catalina.startup.VersionLoggerListener.log Command line argument: -Dcatalina.base=/run/media/yskudilov/D090A4F890A4E5E6/tomcat
14-Sep-2026 16:08:24.630 INFO [main] org.apache.catalina.startup.VersionLoggerListener.log Command line argument: -Dcatalina.home=/run/media/yskudilov/D090A4F890A4E5E6/tomcat
14-Sep-2026 16:08:24.630 INFO [main] org.apache.catalina.startup.VersionLoggerListener.log Command line argument: -Djava.io.tmpdir=/run/media/yskudilov/D090A4F890A4E5E6/tomcat/temp
14-Sep-2026 16:08:24.632 INFO [main] org.apache.catalina.core.AprLifecycleListener.lifecycleEvent The Apache Tomcat Native library which allows using OpenSSL was not found on the java.library.path: [/usr/java/packages/lib:/usr/lib64:/lib64:/lib:/usr/lib]
14-Sep-2026 16:08:25.033 INFO [main] org.apache.coyote.AbstractProtocol.init Initializing ProtocolHandler ["http-nio-8081"]
14-Sep-2026 16:08:25.079 INFO [main] org.apache.catalina.startup.Catalina.load Server initialization in [690] milliseconds
14-Sep-2026 16:08:25.154 INFO [main] org.apache.catalina.core.StandardService.startInternal Starting service [Catalina]
14-Sep-2026 16:08:25.155 INFO [main] org.apache.catalina.core.StandardEngine.startInternal Starting Servlet engine: [Apache Tomcat/10.1.59]
14-Sep-2026 16:08:25.171 INFO [main] org.apache.catalina.startup.HostConfig.deployDirectory Deploying web application directory [/run/media/yskudilov/D090A4F890A4E5E6/tomcat/webapps/docs]
14-Sep-2026 16:08:25.622 INFO [main] org.apache.catalina.startup.HostConfig.deployDirectory Deployment of web application directory [/run/media/yskudilov/D090A4F890A4E5E6/tomcat/webapps/docs] has finished in [451] ms
14-Sep-2026 16:08:25.623 INFO [main] org.apache.catalina.startup.HostConfig.deployDirectory Deploying web application directory [/run/media/yskudilov/D090A4F890A4E5E6/tomcat/webapps/examples]
14-Sep-2026 16:08:26.021 INFO [main] org.apache.catalina.startup.HostConfig.deployDirectory Deployment of web application directory [/run/media/yskudilov/D090A4F890A4E5E6/tomcat/webapps/examples] has finished in [398] ms
14-Sep-2026 16:08:26.022 INFO [main] org.apache.catalina.startup.HostConfig.deployDirectory Deploying web application directory [/run/media/yskudilov/D090A4F890A4E5E6/tomcat/webapps/host-manager]
14-Sep-2026 16:08:26.063 INFO [main] org.apache.catalina.startup.HostConfig.deployDirectory Deployment of web application directory [/run/media/yskudilov/D090A4F890A4E5E6/tomcat/webapps/host-manager] has finished in [40] ms
14-Sep-2026 16:08:26.063 INFO [main] org.apache.catalina.startup.HostConfig.deployDirectory Deploying web application directory [/run/media/yskudilov/D090A4F890A4E5E6/tomcat/webapps/manager]
14-Sep-2026 16:08:26.104 INFO [main] org.apache.catalina.startup.HostConfig.deployDirectory Deployment of web application directory [/run/media/yskudilov/D090A4F890A4E5E6/tomcat/webapps/manager] has finished in [40] ms
14-Sep-2026 16:08:26.105 INFO [main] org.apache.catalina.startup.HostConfig.deployDirectory Deploying web application directory [/run/media/yskudilov/D090A4F890A4E5E6/tomcat/webapps/midp]
14-Sep-2026 16:08:26.148 INFO [main] org.apache.catalina.startup.HostConfig.deployDirectory Deployment of web application directory [/run/media/yskudilov/D090A4F890A4E5E6/tomcat/webapps/midp] has finished in [44] ms
14-Sep-2026 16:08:26.149 INFO [main] org.apache.catalina.startup.HostConfig.deployDirectory Deploying web application directory [/run/media/yskudilov/D090A4F890A4E5E6/tomcat/webapps/ROOT]
14-Sep-2026 16:08:26.181 INFO [main] org.apache.catalina.startup.HostConfig.deployDirectory Deployment of web application directory [/run/media/yskudilov/D090A4F890A4E5E6/tomcat/webapps/ROOT] has finished in [31] ms
14-Sep-2026 16:08:26.181 INFO [main] org.apache.catalina.startup.HostConfig.deployDirectory Deploying web application directory [/run/media/yskudilov/D090A4F890A4E5E6/tomcat/webapps/trivia]
14-Sep-2026 16:08:26.233 INFO [main] org.apache.catalina.startup.HostConfig.deployDirectory Deployment of web application directory [/run/media/yskudilov/D090A4F890A4E5E6/tomcat/webapps/trivia] has finished in [52] ms
14-Sep-2026 16:08:26.241 INFO [main] org.apache.coyote.AbstractProtocol.start Starting ProtocolHandler ["http-nio-8081"]
14-Sep-2026 16:08:26.259 INFO [main] org.apache.catalina.startup.Catalina.start Server startup in [1176] milliseconds
